127.0.0.1 - - [20/Mar/2023:00:11:49 +0900] "GET / HTTP/1.1" 404 807
0:0:0:0:0:0:0:1 - - [20/Mar/2023:00:11:56 +0900] "GET /ch2/ex HTTP/1.1" 500 4373
127.0.0.1 - - [20/Mar/2023:00:12:56 +0900] "GET / HTTP/1.1" 404 807
0:0:0:0:0:0:0:1 - - [20/Mar/2023:00:12:56 +0900] "GET /ch2/ex HTTP/1.1" 404 820
0:0:0:0:0:0:0:1 - - [20/Mar/2023:00:12:56 +0900] "GET /favicon.ico HTTP/1.1" 404 818
127.0.0.1 - - [20/Mar/2023:00:14:06 +0900] "GET / HTTP/1.1" 404 807
0:0:0:0:0:0:0:1 - - [20/Mar/2023:00:14:10 +0900] "GET /ch2/ex HTTP/1.1" 500 4293
0:0:0:0:0:0:0:1 - - [20/Mar/2023:00:14:17 +0900] "GET /ch2/ HTTP/1.1" 200 743
0:0:0:0:0:0:0:1 - - [20/Mar/2023:00:14:17 +0900] "GET /ch2/css/menu.css HTTP/1.1" 304 -
0:0:0:0:0:0:0:1 - - [20/Mar/2023:00:14:22 +0900] "GET /ch2/ex HTTP/1.1" 200 187
127.0.0.1 - - [20/Mar/2023:00:16:55 +0900] "GET / HTTP/1.1" 404 807
0:0:0:0:0:0:0:1 - - [20/Mar/2023:00:16:57 +0900] "GET /ch2/ex HTTP/1.1" 500 4822
0:0:0:0:0:0:0:1 - - [20/Mar/2023:00:16:59 +0900] "GET /ch2/ex HTTP/1.1" 500 4822
0:0:0:0:0:0:0:1 - - [20/Mar/2023:00:17:02 +0900] "GET /ch2/ex HTTP/1.1" 500 4822
0:0:0:0:0:0:0:1 - - [20/Mar/2023:00:17:02 +0900] "GET /ch2/ex HTTP/1.1" 500 4822
0:0:0:0:0:0:0:1 - - [20/Mar/2023:00:17:02 +0900] "GET /ch2/ex HTTP/1.1" 500 4822
0:0:0:0:0:0:0:1 - - [20/Mar/2023:00:17:02 +0900] "GET /ch2/ex HTTP/1.1" 500 4822
0:0:0:0:0:0:0:1 - - [20/Mar/2023:00:17:02 +0900] "GET /ch2/ex HTTP/1.1" 500 4822
0:0:0:0:0:0:0:1 - - [20/Mar/2023:00:17:02 +0900] "GET /ch2/ex HTTP/1.1" 500 4822
0:0:0:0:0:0:0:1 - - [20/Mar/2023:00:17:04 +0900] "GET /ch2/ex2 HTTP/1.1" 404 721
127.0.0.1 - - [20/Mar/2023:00:17:40 +0900] "GET / HTTP/1.1" 404 807
0:0:0:0:0:0:0:1 - - [20/Mar/2023:00:17:42 +0900] "GET /ch2/ex2 HTTP/1.1" 200 187
0:0:0:0:0:0:0:1 - - [20/Mar/2023:00:17:44 +0900] "GET /ch2/ex HTTP/1.1" 200 187
127.0.0.1 - - [20/Mar/2023:00:19:32 +0900] "GET / HTTP/1.1" 404 807
0:0:0:0:0:0:0:1 - - [20/Mar/2023:00:19:33 +0900] "GET /ch2/ex HTTP/1.1" 200 187
0:0:0:0:0:0:0:1 - - [20/Mar/2023:00:19:35 +0900] "GET /ch2/ex2 HTTP/1.1" 200 187
127.0.0.1 - - [20/Mar/2023:00:21:18 +0900] "GET / HTTP/1.1" 404 807
0:0:0:0:0:0:0:1 - - [20/Mar/2023:00:21:21 +0900] "GET /ch2/ex2 HTTP/1.1" 200 5069
0:0:0:0:0:0:0:1 - - [20/Mar/2023:00:21:27 +0900] "GET /ch2/ex1 HTTP/1.1" 404 721
0:0:0:0:0:0:0:1 - - [20/Mar/2023:00:21:29 +0900] "GET /ch2/ex HTTP/1.1" 200 5057
0:0:0:0:0:0:0:1 - - [20/Mar/2023:00:21:36 +0900] "GET /ch2/ex2 HTTP/1.1" 200 5069
127.0.0.1 - - [20/Mar/2023:00:23:49 +0900] "GET / HTTP/1.1" 404 807
0:0:0:0:0:0:0:1 - - [20/Mar/2023:00:23:53 +0900] "GET /ch2/ex3 HTTP/1.1" 500 4070
0:0:0:0:0:0:0:1 - - [20/Mar/2023:00:23:55 +0900] "GET /ch2/ex4 HTTP/1.1" 500 4104
127.0.0.1 - - [20/Mar/2023:00:26:35 +0900] "GET / HTTP/1.1" 404 807
0:0:0:0:0:0:0:1 - - [20/Mar/2023:00:26:38 +0900] "GET /ch2/ex4 HTTP/1.1" 200 5071
0:0:0:0:0:0:0:1 - - [20/Mar/2023:00:26:40 +0900] "GET /ch2/ex3 HTTP/1.1" 200 5059
127.0.0.1 - - [20/Mar/2023:00:48:09 +0900] "GET / HTTP/1.1" 404 807
0:0:0:0:0:0:0:1 - - [20/Mar/2023:00:48:21 +0900] "GET /ch2/ HTTP/1.1" 200 743
0:0:0:0:0:0:0:1 - - [20/Mar/2023:00:48:25 +0900] "GET /ch2/ex HTTP/1.1" 500 5057
0:0:0:0:0:0:0:1 - - [20/Mar/2023:00:48:34 +0900] "GET /ch2/ex HTTP/1.1" 500 5057
127.0.0.1 - - [20/Mar/2023:00:57:51 +0900] "GET / HTTP/1.1" 404 807
0:0:0:0:0:0:0:1 - - [20/Mar/2023:00:57:56 +0900] "GET /ch2/ex3 HTTP/1.1" 500 5274
127.0.0.1 - - [20/Mar/2023:00:58:24 +0900] "GET / HTTP/1.1" 404 807
0:0:0:0:0:0:0:1 - - [20/Mar/2023:00:58:28 +0900] "GET /ch2/ex3 HTTP/1.1" 500 5274
0:0:0:0:0:0:0:1 - - [20/Mar/2023:00:58:29 +0900] "GET /ch2/ex3 HTTP/1.1" 500 5274
0:0:0:0:0:0:0:1 - - [20/Mar/2023:00:58:30 +0900] "GET /ch2/ex3 HTTP/1.1" 500 5274
0:0:0:0:0:0:0:1 - - [20/Mar/2023:00:58:31 +0900] "GET /ch2/ex3 HTTP/1.1" 500 5274
0:0:0:0:0:0:0:1 - - [20/Mar/2023:00:58:31 +0900] "GET /ch2/ex3 HTTP/1.1" 500 5274
0:0:0:0:0:0:0:1 - - [20/Mar/2023:00:58:31 +0900] "GET /ch2/ex3 HTTP/1.1" 500 5274
0:0:0:0:0:0:0:1 - - [20/Mar/2023:00:58:31 +0900] "GET /ch2/ex3 HTTP/1.1" 500 5274
0:0:0:0:0:0:0:1 - - [20/Mar/2023:00:58:32 +0900] "GET /ch2/ex3 HTTP/1.1" 500 5274
0:0:0:0:0:0:0:1 - - [20/Mar/2023:00:58:32 +0900] "GET /ch2/ex3 HTTP/1.1" 500 5274
0:0:0:0:0:0:0:1 - - [20/Mar/2023:00:58:32 +0900] "GET /ch2/ex3 HTTP/1.1" 500 5274
0:0:0:0:0:0:0:1 - - [20/Mar/2023:00:59:03 +0900] "GET /ch2/ex3 HTTP/1.1" 400 843
127.0.0.1 - - [20/Mar/2023:01:02:32 +0900] "GET / HTTP/1.1" 404 807
0:0:0:0:0:0:0:1 - - [20/Mar/2023:01:02:36 +0900] "GET /ch2/ex3 HTTP/1.1" 400 60
127.0.0.1 - - [20/Mar/2023:01:02:59 +0900] "GET / HTTP/1.1" 404 807
0:0:0:0:0:0:0:1 - - [20/Mar/2023:01:03:03 +0900] "GET /ch2/ex3 HTTP/1.1" 400 60
0:0:0:0:0:0:0:1 - - [20/Mar/2023:01:03:03 +0900] "GET /ch2/ex3 HTTP/1.1" 400 60
0:0:0:0:0:0:0:1 - - [20/Mar/2023:01:03:04 +0900] "GET /ch2/ex3 HTTP/1.1" 400 60
0:0:0:0:0:0:0:1 - - [20/Mar/2023:01:03:04 +0900] "GET /ch2/ex3 HTTP/1.1" 400 60
0:0:0:0:0:0:0:1 - - [20/Mar/2023:01:03:04 +0900] "GET /ch2/ex3 HTTP/1.1" 400 60
0:0:0:0:0:0:0:1 - - [20/Mar/2023:01:03:04 +0900] "GET /ch2/ex3 HTTP/1.1" 400 60
0:0:0:0:0:0:0:1 - - [20/Mar/2023:01:03:04 +0900] "GET /ch2/ex3 HTTP/1.1" 400 60
0:0:0:0:0:0:0:1 - - [20/Mar/2023:01:03:05 +0900] "GET /ch2/ex3 HTTP/1.1" 400 60
0:0:0:0:0:0:0:1 - - [20/Mar/2023:01:03:34 +0900] "GET /ch2/ex3 HTTP/1.1" 400 60
0:0:0:0:0:0:0:1 - - [20/Mar/2023:01:03:35 +0900] "GET /ch2/ex3 HTTP/1.1" 400 60
0:0:0:0:0:0:0:1 - - [20/Mar/2023:01:03:35 +0900] "GET /ch2/ex3 HTTP/1.1" 400 60
0:0:0:0:0:0:0:1 - - [20/Mar/2023:01:03:35 +0900] "GET /ch2/ex3 HTTP/1.1" 400 60
0:0:0:0:0:0:0:1 - - [20/Mar/2023:01:03:36 +0900] "GET /ch2/ex3 HTTP/1.1" 400 60
0:0:0:0:0:0:0:1 - - [20/Mar/2023:01:03:36 +0900] "GET /ch2/ex3 HTTP/1.1" 400 60
0:0:0:0:0:0:0:1 - - [20/Mar/2023:01:03:41 +0900] "GET /ch2/ex3 HTTP/1.1" 400 60
0:0:0:0:0:0:0:1 - - [20/Mar/2023:01:03:41 +0900] "GET /ch2/ex3 HTTP/1.1" 400 60
0:0:0:0:0:0:0:1 - - [20/Mar/2023:01:03:41 +0900] "GET /ch2/ex3 HTTP/1.1" 400 60
0:0:0:0:0:0:0:1 - - [20/Mar/2023:01:03:42 +0900] "GET /ch2/ex3 HTTP/1.1" 400 60
0:0:0:0:0:0:0:1 - - [20/Mar/2023:01:03:42 +0900] "GET /ch2/ex3 HTTP/1.1" 400 60
0:0:0:0:0:0:0:1 - - [20/Mar/2023:01:03:42 +0900] "GET /ch2/ex3 HTTP/1.1" 400 60
127.0.0.1 - - [20/Mar/2023:01:03:55 +0900] "GET / HTTP/1.1" 404 807
0:0:0:0:0:0:0:1 - - [20/Mar/2023:01:03:58 +0900] "GET /ch2/ex3 HTTP/1.1" 400 79
0:0:0:0:0:0:0:1 - - [20/Mar/2023:01:04:10 +0900] "GET /ch2/ex3 HTTP/1.1" 400 79
0:0:0:0:0:0:0:1 - - [20/Mar/2023:01:04:10 +0900] "GET /ch2/ex3 HTTP/1.1" 400 79
0:0:0:0:0:0:0:1 - - [20/Mar/2023:01:04:11 +0900] "GET /ch2/ex3 HTTP/1.1" 400 79
0:0:0:0:0:0:0:1 - - [20/Mar/2023:01:04:11 +0900] "GET /ch2/ex3 HTTP/1.1" 400 79
0:0:0:0:0:0:0:1 - - [20/Mar/2023:01:04:11 +0900] "GET /ch2/ex3 HTTP/1.1" 400 79
0:0:0:0:0:0:0:1 - - [20/Mar/2023:01:04:12 +0900] "GET /ch2/ex3 HTTP/1.1" 400 79
127.0.0.1 - - [20/Mar/2023:01:09:38 +0900] "GET / HTTP/1.1" 404 807
0:0:0:0:0:0:0:1 - - [20/Mar/2023:01:09:40 +0900] "GET /ch2/ex3 HTTP/1.1" 400 79
0:0:0:0:0:0:0:1 - - [20/Mar/2023:01:09:41 +0900] "GET /ch2/ex3 HTTP/1.1" 400 79
0:0:0:0:0:0:0:1 - - [20/Mar/2023:01:09:42 +0900] "GET /ch2/ex3 HTTP/1.1" 400 79
0:0:0:0:0:0:0:1 - - [20/Mar/2023:01:09:42 +0900] "GET /ch2/ex3 HTTP/1.1" 400 79
0:0:0:0:0:0:0:1 - - [20/Mar/2023:01:09:45 +0900] "GET /ch2/ex3 HTTP/1.1" 400 79
0:0:0:0:0:0:0:1 - - [20/Mar/2023:01:09:46 +0900] "GET /ch2/ex3 HTTP/1.1" 400 79
0:0:0:0:0:0:0:1 - - [20/Mar/2023:01:09:46 +0900] "GET /ch2/ex3 HTTP/1.1" 400 79
0:0:0:0:0:0:0:1 - - [20/Mar/2023:01:09:46 +0900] "GET /ch2/ex3 HTTP/1.1" 400 79
0:0:0:0:0:0:0:1 - - [20/Mar/2023:01:09:46 +0900] "GET /ch2/ex3 HTTP/1.1" 400 79
0:0:0:0:0:0:0:1 - - [20/Mar/2023:01:09:47 +0900] "GET /ch2/ex3 HTTP/1.1" 400 79
0:0:0:0:0:0:0:1 - - [20/Mar/2023:01:09:48 +0900] "GET /ch2/ex3 HTTP/1.1" 400 79
0:0:0:0:0:0:0:1 - - [20/Mar/2023:01:09:48 +0900] "GET /ch2/ex3 HTTP/1.1" 400 79
0:0:0:0:0:0:0:1 - - [20/Mar/2023:01:09:48 +0900] "GET /ch2/ex3 HTTP/1.1" 400 79
0:0:0:0:0:0:0:1 - - [20/Mar/2023:01:09:48 +0900] "GET /ch2/ex3 HTTP/1.1" 400 79
0:0:0:0:0:0:0:1 - - [20/Mar/2023:01:10:40 +0900] "GET /ch2/ex3 HTTP/1.1" 400 79
0:0:0:0:0:0:0:1 - - [20/Mar/2023:01:10:41 +0900] "GET /ch2/ex3 HTTP/1.1" 400 79
0:0:0:0:0:0:0:1 - - [20/Mar/2023:01:10:41 +0900] "GET /ch2/ex3 HTTP/1.1" 400 79
0:0:0:0:0:0:0:1 - - [20/Mar/2023:01:10:41 +0900] "GET /ch2/ex3 HTTP/1.1" 400 79
0:0:0:0:0:0:0:1 - - [20/Mar/2023:01:10:41 +0900] "GET /ch2/ex3 HTTP/1.1" 400 79
0:0:0:0:0:0:0:1 - - [20/Mar/2023:01:10:42 +0900] "GET /ch2/ex3 HTTP/1.1" 400 79
0:0:0:0:0:0:0:1 - - [20/Mar/2023:01:10:42 +0900] "GET /ch2/ex3 HTTP/1.1" 400 79
0:0:0:0:0:0:0:1 - - [20/Mar/2023:01:10:42 +0900] "GET /ch2/ex3 HTTP/1.1" 400 79
0:0:0:0:0:0:0:1 - - [20/Mar/2023:01:10:42 +0900] "GET /ch2/ex3 HTTP/1.1" 400 79
0:0:0:0:0:0:0:1 - - [20/Mar/2023:01:10:43 +0900] "GET /ch2/ex3 HTTP/1.1" 400 79
0:0:0:0:0:0:0:1 - - [20/Mar/2023:01:10:43 +0900] "GET /ch2/ex3 HTTP/1.1" 400 79
0:0:0:0:0:0:0:1 - - [20/Mar/2023:01:12:24 +0900] "GET /ch2/ex3 HTTP/1.1" 400 79
0:0:0:0:0:0:0:1 - - [20/Mar/2023:01:12:25 +0900] "GET /ch2/ex3 HTTP/1.1" 400 79
0:0:0:0:0:0:0:1 - - [20/Mar/2023:01:12:25 +0900] "GET /ch2/ex3 HTTP/1.1" 400 79
0:0:0:0:0:0:0:1 - - [20/Mar/2023:01:12:25 +0900] "GET /ch2/ex3 HTTP/1.1" 400 79
0:0:0:0:0:0:0:1 - - [20/Mar/2023:01:12:25 +0900] "GET /ch2/ex3 HTTP/1.1" 400 79
0:0:0:0:0:0:0:1 - - [20/Mar/2023:01:12:25 +0900] "GET /ch2/ex3 HTTP/1.1" 400 79
0:0:0:0:0:0:0:1 - - [20/Mar/2023:01:12:25 +0900] "GET /ch2/ex3 HTTP/1.1" 400 79
0:0:0:0:0:0:0:1 - - [20/Mar/2023:01:12:43 +0900] "GET /ch2/ex3 HTTP/1.1" 400 79
0:0:0:0:0:0:0:1 - - [20/Mar/2023:01:12:43 +0900] "GET /ch2/ex3 HTTP/1.1" 400 79
0:0:0:0:0:0:0:1 - - [20/Mar/2023:01:12:43 +0900] "GET /ch2/ex3 HTTP/1.1" 400 79
0:0:0:0:0:0:0:1 - - [20/Mar/2023:01:12:44 +0900] "GET /ch2/ex3 HTTP/1.1" 400 79
127.0.0.1 - - [20/Mar/2023:01:12:56 +0900] "GET / HTTP/1.1" 404 807
0:0:0:0:0:0:0:1 - - [20/Mar/2023:01:13:00 +0900] "GET /ch2/ex3 HTTP/1.1" 400 79
0:0:0:0:0:0:0:1 - - [20/Mar/2023:01:13:01 +0900] "GET /ch2/ex3 HTTP/1.1" 400 79
127.0.0.1 - - [20/Mar/2023:01:52:27 +0900] "GET / HTTP/1.1" 404 807
127.0.0.1 - - [20/Mar/2023:02:22:03 +0900] "GET / HTTP/1.1" 404 807
0:0:0:0:0:0:0:1 - - [20/Mar/2023:02:22:04 +0900] "GET /ch2/login/login HTTP/1.1" 200 3112
0:0:0:0:0:0:0:1 - - [20/Mar/2023:02:22:04 +0900] "GET /ch2/ HTTP/1.1" 200 743
0:0:0:0:0:0:0:1 - - [20/Mar/2023:02:22:04 +0900] "GET /ch2/css/menu.css HTTP/1.1" 304 -
0:0:0:0:0:0:0:1 - - [20/Mar/2023:02:22:09 +0900] "GET /ch2/register.add HTTP/1.1" 404 826
0:0:0:0:0:0:0:1 - - [20/Mar/2023:02:22:15 +0900] "GET /ch2/register/add HTTP/1.1" 200 3740
0:0:0:0:0:0:0:1 - - [20/Mar/2023:02:22:20 +0900] "POST /ch2/register/save HTTP/1.1" 200 253
127.0.0.1 - - [20/Mar/2023:02:24:30 +0900] "GET / HTTP/1.1" 404 807
0:0:0:0:0:0:0:1 - - [20/Mar/2023:02:24:40 +0900] "POST /ch2/register/save HTTP/1.1" 200 278
0:0:0:0:0:0:0:1 - - [20/Mar/2023:02:24:49 +0900] "POST /ch2/register/save HTTP/1.1" 200 296
0:0:0:0:0:0:0:1 - - [20/Mar/2023:02:25:03 +0900] "POST /ch2/register/save HTTP/1.1" 400 79
127.0.0.1 - - [20/Mar/2023:02:26:05 +0900] "GET / HTTP/1.1" 404 807
0:0:0:0:0:0:0:1 - - [20/Mar/2023:02:26:10 +0900] "GET /ch2/register/add HTTP/1.1" 200 3740
0:0:0:0:0:0:0:1 - - [20/Mar/2023:02:26:21 +0900] "POST /ch2/register/save HTTP/1.1" 200 249
127.0.0.1 - - [20/Mar/2023:02:30:42 +0900] "GET / HTTP/1.1" 404 807
0:0:0:0:0:0:0:1 - - [20/Mar/2023:02:30:46 +0900] "POST /ch2/register/save HTTP/1.1" 200 249
0:0:0:0:0:0:0:1 - - [20/Mar/2023:02:31:02 +0900] "GET /ch2/register/add HTTP/1.1" 200 3740
0:0:0:0:0:0:0:1 - - [20/Mar/2023:02:31:10 +0900] "POST /ch2/register/save HTTP/1.1" 200 248
181.129.84.106 - - [20/Mar/2023:02:31:16 +0900] "GET / HTTP/1.1" 404 807
127.0.0.1 - - [20/Mar/2023:02:32:01 +0900] "GET / HTTP/1.1" 404 807
0:0:0:0:0:0:0:1 - - [20/Mar/2023:02:32:12 +0900] "POST /ch2/register/save HTTP/1.1" 200 248
0:0:0:0:0:0:0:1 - - [20/Mar/2023:02:32:18 +0900] "POST /ch2/register/save HTTP/1.1" 200 248
0:0:0:0:0:0:0:1 - - [20/Mar/2023:02:32:20 +0900] "POST /ch2/register/save HTTP/1.1" 200 248
0:0:0:0:0:0:0:1 - - [20/Mar/2023:02:34:35 +0900] "POST /ch2/register/save HTTP/1.1" 200 248
0:0:0:0:0:0:0:1 - - [20/Mar/2023:02:34:37 +0900] "GET /ch2/register/add HTTP/1.1" 200 3740
0:0:0:0:0:0:0:1 - - [20/Mar/2023:02:34:43 +0900] "POST /ch2/register/save HTTP/1.1" 200 242
0:0:0:0:0:0:0:1 - - [20/Mar/2023:02:34:49 +0900] "POST /ch2/register/save HTTP/1.1" 200 270
0:0:0:0:0:0:0:1 - - [20/Mar/2023:02:35:11 +0900] "POST /ch2/register/save HTTP/1.1" 200 242
127.0.0.1 - - [20/Mar/2023:02:36:40 +0900] "GET / HTTP/1.1" 404 807
0:0:0:0:0:0:0:1 - - [20/Mar/2023:02:36:44 +0900] "POST /ch2/register/save HTTP/1.1" 200 242
0:0:0:0:0:0:0:1 - - [20/Mar/2023:02:36:50 +0900] "POST /ch2/register/save HTTP/1.1" 200 251
0:0:0:0:0:0:0:1 - - [20/Mar/2023:02:37:02 +0900] "POST /ch2/register/save HTTP/1.1" 200 279
0:0:0:0:0:0:0:1 - - [20/Mar/2023:02:37:05 +0900] "POST /ch2/register/save HTTP/1.1" 200 279
127.0.0.1 - - [20/Mar/2023:02:40:09 +0900] "GET / HTTP/1.1" 404 807
0:0:0:0:0:0:0:1 - - [20/Mar/2023:02:40:28 +0900] "POST /ch2/register/save HTTP/1.1" 200 298
127.0.0.1 - - [20/Mar/2023:02:44:39 +0900] "GET / HTTP/1.1" 404 807
0:0:0:0:0:0:0:1 - - [20/Mar/2023:02:44:39 +0900] "GET /ch2/ HTTP/1.1" 200 743
0:0:0:0:0:0:0:1 - - [20/Mar/2023:02:45:01 +0900] "GET /ch2/register/add HTTP/1.1" 200 3798
0:0:0:0:0:0:0:1 - - [20/Mar/2023:02:45:25 +0900] "GET /ch2/register/add HTTP/1.1" 200 3832
0:0:0:0:0:0:0:1 - - [20/Mar/2023:02:45:41 +0900] "POST /ch2/register/save HTTP/1.1" 200 296
0:0:0:0:0:0:0:1 - - [20/Mar/2023:02:46:54 +0900] "POST /ch2/register/save HTTP/1.1" 200 341
0:0:0:0:0:0:0:1 - - [20/Mar/2023:02:47:18 +0900] "POST /ch2/register/save HTTP/1.1" 200 337
127.0.0.1 - - [20/Mar/2023:02:48:57 +0900] "GET / HTTP/1.1" 404 807
0:0:0:0:0:0:0:1 - - [20/Mar/2023:02:49:14 +0900] "POST /ch2/register/save HTTP/1.1" 200 339
127.0.0.1 - - [20/Mar/2023:02:50:50 +0900] "GET / HTTP/1.1" 404 807
0:0:0:0:0:0:0:1 - - [20/Mar/2023:02:50:59 +0900] "POST /ch2/register/save HTTP/1.1" 500 889
0:0:0:0:0:0:0:1 - - [20/Mar/2023:02:51:07 +0900] "POST /ch2/register/save HTTP/1.1" 200 339
127.0.0.1 - - [20/Mar/2023:03:03:32 +0900] "GET / HTTP/1.1" 404 807
0:0:0:0:0:0:0:1 - - [20/Mar/2023:03:03:36 +0900] "POST /ch2/register/save HTTP/1.1" 200 339
175.100.91.239 - - [20/Mar/2023:03:12:05 +0900] "GET / HTTP/1.1" 404 807
127.0.0.1 - - [20/Mar/2023:03:32:28 +0900] "GET / HTTP/1.1" 404 807
0:0:0:0:0:0:0:1 - - [20/Mar/2023:03:32:37 +0900] "GET /ch2/register/add HTTP/1.1" 500 60
0:0:0:0:0:0:0:1 - - [20/Mar/2023:03:32:39 +0900] "GET /ch2/register/add HTTP/1.1" 500 60
127.0.0.1 - - [20/Mar/2023:03:33:33 +0900] "GET / HTTP/1.1" 404 807
0:0:0:0:0:0:0:1 - - [20/Mar/2023:03:33:33 +0900] "GET /ch2/ HTTP/1.1" 500 60
127.0.0.1 - - [20/Mar/2023:03:34:19 +0900] "GET / HTTP/1.1" 404 807
0:0:0:0:0:0:0:1 - - [20/Mar/2023:03:34:29 +0900] "GET /ch2/ HTTP/1.1" 404 721
0:0:0:0:0:0:0:1 - - [20/Mar/2023:03:34:37 +0900] "GET /ch2/register/add HTTP/1.1" 404 721
0:0:0:0:0:0:0:1 - - [20/Mar/2023:03:34:47 +0900] "GET /ch2/register/add HTTP/1.1" 404 721
127.0.0.1 - - [20/Mar/2023:03:35:03 +0900] "GET / HTTP/1.1" 404 807
0:0:0:0:0:0:0:1 - - [20/Mar/2023:03:35:03 +0900] "GET /ch2/ HTTP/1.1" 404 721
0:0:0:0:0:0:0:1 - - [20/Mar/2023:03:35:06 +0900] "GET /ch2/ HTTP/1.1" 404 721
0:0:0:0:0:0:0:1 - - [20/Mar/2023:03:35:07 +0900] "GET /ch2/ HTTP/1.1" 404 721
0:0:0:0:0:0:0:1 - - [20/Mar/2023:03:35:07 +0900] "GET /ch2/ HTTP/1.1" 404 721
0:0:0:0:0:0:0:1 - - [20/Mar/2023:03:35:56 +0900] "GET /ch2/ HTTP/1.1" 404 721
0:0:0:0:0:0:0:1 - - [20/Mar/2023:03:35:57 +0900] "GET /ch2/ HTTP/1.1" 404 721
0:0:0:0:0:0:0:1 - - [20/Mar/2023:03:36:02 +0900] "GET /ch2/register/add HTTP/1.1" 404 721
0:0:0:0:0:0:0:1 - - [20/Mar/2023:03:36:13 +0900] "GET /ch2/register/add HTTP/1.1" 404 721
0:0:0:0:0:0:0:1 - - [20/Mar/2023:03:36:14 +0900] "GET /ch2/register/add HTTP/1.1" 404 721
127.0.0.1 - - [20/Mar/2023:03:37:12 +0900] "GET / HTTP/1.1" 404 807
0:0:0:0:0:0:0:1 - - [20/Mar/2023:03:37:17 +0900] "GET /ch2/register/add HTTP/1.1" 404 721
0:0:0:0:0:0:0:1 - - [20/Mar/2023:03:39:40 +0900] "GET /ch2/register/add HTTP/1.1" 404 721
0:0:0:0:0:0:0:1 - - [20/Mar/2023:03:39:40 +0900] "GET /ch2/register/add HTTP/1.1" 404 721
0:0:0:0:0:0:0:1 - - [20/Mar/2023:03:39:40 +0900] "GET /ch2/register/add HTTP/1.1" 404 721
0:0:0:0:0:0:0:1 - - [20/Mar/2023:03:39:40 +0900] "GET /ch2/register/add HTTP/1.1" 404 721
0:0:0:0:0:0:0:1 - - [20/Mar/2023:03:39:48 +0900] "GET /ch2 HTTP/1.1" 302 -
0:0:0:0:0:0:0:1 - - [20/Mar/2023:03:39:48 +0900] "GET /ch2/ HTTP/1.1" 404 721
0:0:0:0:0:0:0:1 - - [20/Mar/2023:03:40:06 +0900] "GET /ch2/register/add HTTP/1.1" 404 721
0:0:0:0:0:0:0:1 - - [20/Mar/2023:03:40:11 +0900] "GET /ch2/register/add HTTP/1.1" 404 721
0:0:0:0:0:0:0:1 - - [20/Mar/2023:03:44:20 +0900] "GET /ch2/ HTTP/1.1" 404 721
0:0:0:0:0:0:0:1 - - [20/Mar/2023:03:44:28 +0900] "GET /ch2/ HTTP/1.1" 404 721
0:0:0:0:0:0:0:1 - - [20/Mar/2023:03:45:15 +0900] "GET / HTTP/1.1" 404 807
0:0:0:0:0:0:0:1 - - [20/Mar/2023:03:45:18 +0900] "GET /ch2 HTTP/1.1" 302 -
0:0:0:0:0:0:0:1 - - [20/Mar/2023:03:45:18 +0900] "GET /ch2/ HTTP/1.1" 404 721
0:0:0:0:0:0:0:1 - - [20/Mar/2023:03:45:24 +0900] "GET /ch2/hello HTTP/1.1" 404 721
0:0:0:0:0:0:0:1 - - [20/Mar/2023:03:46:04 +0900] "GET /ch2/hello HTTP/1.1" 200 -
0:0:0:0:0:0:0:1 - - [20/Mar/2023:03:46:08 +0900] "GET /ch2 HTTP/1.1" 302 -
0:0:0:0:0:0:0:1 - - [20/Mar/2023:03:46:08 +0900] "GET /ch2/ HTTP/1.1" 200 743
0:0:0:0:0:0:0:1 - - [20/Mar/2023:03:46:18 +0900] "GET /ch2/register/add HTTP/1.1" 200 3832
0:0:0:0:0:0:0:1 - - [20/Mar/2023:03:47:50 +0900] "POST /ch2/register/save HTTP/1.1" 200 3832
0:0:0:0:0:0:0:1 - - [20/Mar/2023:03:50:02 +0900] "POST /ch2/register/save HTTP/1.1" 200 3832
127.0.0.1 - - [20/Mar/2023:03:57:39 +0900] "GET / HTTP/1.1" 404 807
127.0.0.1 - - [20/Mar/2023:04:01:23 +0900] "GET / HTTP/1.1" 404 807
0:0:0:0:0:0:0:1 - - [20/Mar/2023:04:01:31 +0900] "POST /ch2/register/save HTTP/1.1" 200 3832
127.0.0.1 - - [20/Mar/2023:04:04:40 +0900] "GET / HTTP/1.1" 404 807
0:0:0:0:0:0:0:1 - - [20/Mar/2023:04:05:07 +0900] "POST /ch2/register/save HTTP/1.1" 200 3832
127.0.0.1 - - [20/Mar/2023:04:32:58 +0900] "GET / HTTP/1.1" 404 807
0:0:0:0:0:0:0:1 - - [20/Mar/2023:04:33:10 +0900] "POST /ch2/register/save HTTP/1.1" 200 3848
0:0:0:0:0:0:0:1 - - [20/Mar/2023:04:33:12 +0900] "POST /ch2/register/save HTTP/1.1" 200 3848
0:0:0:0:0:0:0:1 - - [20/Mar/2023:04:34:06 +0900] "POST /ch2/register/save HTTP/1.1" 200 3848
0:0:0:0:0:0:0:1 - - [20/Mar/2023:04:34:10 +0900] "POST /ch2/register/save HTTP/1.1" 200 3848
0:0:0:0:0:0:0:1 - - [20/Mar/2023:04:34:13 +0900] "POST /ch2/register/save HTTP/1.1" 200 3848
0:0:0:0:0:0:0:1 - - [20/Mar/2023:04:34:15 +0900] "POST /ch2/register/save HTTP/1.1" 200 3848
0:0:0:0:0:0:0:1 - - [20/Mar/2023:04:34:18 +0900] "POST /ch2/register/save HTTP/1.1" 200 3848
127.0.0.1 - - [20/Mar/2023:04:36:54 +0900] "GET / HTTP/1.1" 404 807
0:0:0:0:0:0:0:1 - - [20/Mar/2023:04:36:58 +0900] "GET /ch2/register/save HTTP/1.1" 405 801
0:0:0:0:0:0:0:1 - - [20/Mar/2023:04:37:00 +0900] "GET /ch2/register/save HTTP/1.1" 405 801
0:0:0:0:0:0:0:1 - - [20/Mar/2023:04:37:06 +0900] "GET /ch2/ HTTP/1.1" 200 743
0:0:0:0:0:0:0:1 - - [20/Mar/2023:04:37:06 +0900] "GET /ch2/css/menu.css HTTP/1.1" 304 -
0:0:0:0:0:0:0:1 - - [20/Mar/2023:04:37:09 +0900] "GET /ch2/login/login HTTP/1.1" 200 3112
0:0:0:0:0:0:0:1 - - [20/Mar/2023:04:37:11 +0900] "GET /ch2/login/login HTTP/1.1" 200 3112
0:0:0:0:0:0:0:1 - - [20/Mar/2023:04:37:11 +0900] "GET /ch2/login/login HTTP/1.1" 200 3112
0:0:0:0:0:0:0:1 - - [20/Mar/2023:04:37:11 +0900] "GET /ch2/login/login HTTP/1.1" 200 3112
0:0:0:0:0:0:0:1 - - [20/Mar/2023:04:37:12 +0900] "GET /ch2/login/login HTTP/1.1" 200 3112
0:0:0:0:0:0:0:1 - - [20/Mar/2023:04:37:13 +0900] "GET /ch2/register/add HTTP/1.1" 200 3847
0:0:0:0:0:0:0:1 - - [20/Mar/2023:04:37:18 +0900] "POST /ch2/register/add HTTP/1.1" 405 802
127.0.0.1 - - [20/Mar/2023:04:39:28 +0900] "GET / HTTP/1.1" 404 807
0:0:0:0:0:0:0:1 - - [20/Mar/2023:04:39:28 +0900] "GET /ch2/register/add HTTP/1.1" 200 3847
0:0:0:0:0:0:0:1 - - [20/Mar/2023:04:39:31 +0900] "POST /ch2/register/add HTTP/1.1" 405 802
0:0:0:0:0:0:0:1 - - [20/Mar/2023:04:41:48 +0900] "GET /ch2/register/add HTTP/1.1" 200 3847
0:0:0:0:0:0:0:1 - - [20/Mar/2023:04:41:53 +0900] "GET /ch2/register/save HTTP/1.1" 405 801
0:0:0:0:0:0:0:1 - - [20/Mar/2023:04:43:51 +0900] "POST /ch2/register/add HTTP/1.1" 405 802
0:0:0:0:0:0:0:1 - - [20/Mar/2023:04:47:11 +0900] "GET /ch2/register/add HTTP/1.1" 200 3847
0:0:0:0:0:0:0:1 - - [20/Mar/2023:04:47:14 +0900] "POST /ch2/register/add HTTP/1.1" 200 3847
0:0:0:0:0:0:0:1 - - [20/Mar/2023:04:47:21 +0900] "POST /ch2/register/add HTTP/1.1" 200 3847
0:0:0:0:0:0:0:1 - - [20/Mar/2023:04:47:25 +0900] "POST /ch2/register/add HTTP/1.1" 200 3847
0:0:0:0:0:0:0:1 - - [20/Mar/2023:04:47:25 +0900] "POST /ch2/register/add HTTP/1.1" 200 3847
0:0:0:0:0:0:0:1 - - [20/Mar/2023:04:47:39 +0900] "POST /ch2/register/add HTTP/1.1" 200 3847
127.0.0.1 - - [20/Mar/2023:04:48:27 +0900] "GET / HTTP/1.1" 404 807
0:0:0:0:0:0:0:1 - - [20/Mar/2023:04:48:27 +0900] "GET /ch2/ HTTP/1.1" 200 743
0:0:0:0:0:0:0:1 - - [20/Mar/2023:04:48:34 +0900] "GET /ch2/register/add HTTP/1.1" 200 3847
0:0:0:0:0:0:0:1 - - [20/Mar/2023:04:48:36 +0900] "POST /ch2/register/add HTTP/1.1" 200 3847
127.0.0.1 - - [20/Mar/2023:04:52:48 +0900] "GET / HTTP/1.1" 404 807
0:0:0:0:0:0:0:1 - - [20/Mar/2023:04:52:48 +0900] "GET /ch2/ HTTP/1.1" 200 743
0:0:0:0:0:0:0:1 - - [20/Mar/2023:04:52:50 +0900] "GET /ch2/register/add HTTP/1.1" 200 3847
0:0:0:0:0:0:0:1 - - [20/Mar/2023:04:52:51 +0900] "POST /ch2/register/add HTTP/1.1" 200 3847
0:0:0:0:0:0:0:1 - - [20/Mar/2023:04:52:54 +0900] "POST /ch2/register/add HTTP/1.1" 200 3847
127.0.0.1 - - [20/Mar/2023:04:53:29 +0900] "GET / HTTP/1.1" 404 807
0:0:0:0:0:0:0:1 - - [20/Mar/2023:04:53:30 +0900] "GET /ch2/ HTTP/1.1" 200 743
0:0:0:0:0:0:0:1 - - [20/Mar/2023:04:53:32 +0900] "GET /ch2/register/add HTTP/1.1" 200 3847
0:0:0:0:0:0:0:1 - - [20/Mar/2023:04:53:34 +0900] "POST /ch2/register/add HTTP/1.1" 405 802
0:0:0:0:0:0:0:1 - - [20/Mar/2023:04:53:41 +0900] "POST /ch2/register/add HTTP/1.1" 405 802
127.0.0.1 - - [20/Mar/2023:04:56:33 +0900] "GET / HTTP/1.1" 404 807
0:0:0:0:0:0:0:1 - - [20/Mar/2023:04:56:39 +0900] "GET /ch2/register/add HTTP/1.1" 200 3847
0:0:0:0:0:0:0:1 - - [20/Mar/2023:04:56:41 +0900] "POST /ch2/register/add HTTP/1.1" 405 802
0:0:0:0:0:0:0:1 - - [20/Mar/2023:04:56:49 +0900] "GET /ch2/register/add HTTP/1.1" 200 3847
0:0:0:0:0:0:0:1 - - [20/Mar/2023:04:56:51 +0900] "GET /ch2/register/add HTTP/1.1" 200 3847
0:0:0:0:0:0:0:1 - - [20/Mar/2023:04:56:52 +0900] "POST /ch2/register/add HTTP/1.1" 200 3847
0:0:0:0:0:0:0:1 - - [20/Mar/2023:04:57:00 +0900] "POST /ch2/register/add HTTP/1.1" 200 3847
127.0.0.1 - - [20/Mar/2023:05:02:19 +0900] "GET / HTTP/1.1" 404 807
0:0:0:0:0:0:0:1 - - [20/Mar/2023:05:02:24 +0900] "GET /ch2/register/add HTTP/1.1" 200 3847
0:0:0:0:0:0:0:1 - - [20/Mar/2023:05:02:26 +0900] "GET /ch2/register/add HTTP/1.1" 200 3847
0:0:0:0:0:0:0:1 - - [20/Mar/2023:05:02:26 +0900] "GET /ch2/register/add HTTP/1.1" 200 3847
0:0:0:0:0:0:0:1 - - [20/Mar/2023:05:02:27 +0900] "GET /ch2/register/add HTTP/1.1" 200 3847
0:0:0:0:0:0:0:1 - - [20/Mar/2023:05:02:27 +0900] "GET /ch2/register/add HTTP/1.1" 200 3847
0:0:0:0:0:0:0:1 - - [20/Mar/2023:05:02:27 +0900] "GET /ch2/register/add HTTP/1.1" 200 3847
0:0:0:0:0:0:0:1 - - [20/Mar/2023:05:02:28 +0900] "POST /ch2/register/add HTTP/1.1" 200 3847
127.0.0.1 - - [20/Mar/2023:05:04:45 +0900] "GET / HTTP/1.1" 404 807
0:0:0:0:0:0:0:1 - - [20/Mar/2023:05:04:46 +0900] "GET /ch2/ HTTP/1.1" 200 743
0:0:0:0:0:0:0:1 - - [20/Mar/2023:05:04:47 +0900] "GET /ch2/register/add HTTP/1.1" 200 3847
0:0:0:0:0:0:0:1 - - [20/Mar/2023:05:04:49 +0900] "POST /ch2/register/add HTTP/1.1" 200 3847
0:0:0:0:0:0:0:1 - - [20/Mar/2023:05:04:49 +0900] "POST /ch2/register/add HTTP/1.1" 200 3847
0:0:0:0:0:0:0:1 - - [20/Mar/2023:05:04:52 +0900] "POST /ch2/register/add HTTP/1.1" 200 3847
0:0:0:0:0:0:0:1 - - [20/Mar/2023:05:04:58 +0900] "POST /ch2/register/add HTTP/1.1" 200 3847
0:0:0:0:0:0:0:1 - - [20/Mar/2023:05:04:58 +0900] "POST /ch2/register/add HTTP/1.1" 200 3847
0:0:0:0:0:0:0:1 - - [20/Mar/2023:05:04:58 +0900] "POST /ch2/register/add HTTP/1.1" 200 3847
0:0:0:0:0:0:0:1 - - [20/Mar/2023:05:04:59 +0900] "POST /ch2/register/add HTTP/1.1" 200 3847
0:0:0:0:0:0:0:1 - - [20/Mar/2023:05:04:59 +0900] "POST /ch2/register/add HTTP/1.1" 200 3847
127.0.0.1 - - [20/Mar/2023:05:05:41 +0900] "GET / HTTP/1.1" 404 807
0:0:0:0:0:0:0:1 - - [20/Mar/2023:05:05:47 +0900] "GET /ch2/register/add HTTP/1.1" 200 3847
0:0:0:0:0:0:0:1 - - [20/Mar/2023:05:05:50 +0900] "POST /ch2/register/add HTTP/1.1" 200 3847
127.0.0.1 - - [20/Mar/2023:05:10:08 +0900] "GET / HTTP/1.1" 404 807
0:0:0:0:0:0:0:1 - - [20/Mar/2023:05:10:12 +0900] "GET /ch2/register/add HTTP/1.1" 200 3823
0:0:0:0:0:0:0:1 - - [20/Mar/2023:05:10:16 +0900] "POST /ch2/register/add HTTP/1.1" 200 3901
127.0.0.1 - - [20/Mar/2023:05:10:41 +0900] "GET / HTTP/1.1" 404 807
0:0:0:0:0:0:0:1 - - [20/Mar/2023:05:10:52 +0900] "GET /ch2/register/add HTTP/1.1" 200 3823
0:0:0:0:0:0:0:1 - - [20/Mar/2023:05:10:58 +0900] "POST /ch2/register/add HTTP/1.1" 405 802
0:0:0:0:0:0:0:1 - - [20/Mar/2023:05:11:13 +0900] "POST /ch2/register/add HTTP/1.1" 405 802
0:0:0:0:0:0:0:1 - - [20/Mar/2023:05:11:18 +0900] "GET /ch2/register/add HTTP/1.1" 200 3823
0:0:0:0:0:0:0:1 - - [20/Mar/2023:05:11:19 +0900] "GET /ch2/register/add HTTP/1.1" 200 3823
0:0:0:0:0:0:0:1 - - [20/Mar/2023:05:11:19 +0900] "GET /ch2/register/add HTTP/1.1" 200 3823
0:0:0:0:0:0:0:1 - - [20/Mar/2023:05:11:20 +0900] "GET /ch2/register/add HTTP/1.1" 200 3823
0:0:0:0:0:0:0:1 - - [20/Mar/2023:05:11:20 +0900] "GET /ch2/register/add HTTP/1.1" 200 3823
0:0:0:0:0:0:0:1 - - [20/Mar/2023:05:11:20 +0900] "GET /ch2/register/add HTTP/1.1" 200 3823
0:0:0:0:0:0:0:1 - - [20/Mar/2023:05:11:23 +0900] "POST /ch2/register/add HTTP/1.1" 405 802
127.0.0.1 - - [20/Mar/2023:05:11:41 +0900] "GET / HTTP/1.1" 404 807
0:0:0:0:0:0:0:1 - - [20/Mar/2023:05:12:00 +0900] "GET /ch2/register/add HTTP/1.1" 200 3823
0:0:0:0:0:0:0:1 - - [20/Mar/2023:05:12:03 +0900] "POST /ch2/register/add HTTP/1.1" 200 3901
0:0:0:0:0:0:0:1 - - [20/Mar/2023:05:12:07 +0900] "POST /ch2/register/add HTTP/1.1" 200 3901
0:0:0:0:0:0:0:1 - - [20/Mar/2023:05:12:10 +0900] "POST /ch2/register/add HTTP/1.1" 200 3823
0:0:0:0:0:0:0:1 - - [20/Mar/2023:05:12:40 +0900] "POST /ch2/register/add HTTP/1.1" 200 3901
